Archive member included because of file (symbol)

/usr/lib/gcc/avr/4.5.0/avr4/libgcc.a(_udivmodhi4.o)
                              mega48.o (__udivmodhi4)
/usr/lib/gcc/avr/4.5.0/avr4/libgcc.a(_exit.o)
                              /usr/lib/gcc/avr/4.5.0/../../../../avr/lib/avr4/crtm48.o (exit)
/usr/lib/gcc/avr/4.5.0/avr4/libgcc.a(_copy_data.o)
                              mega48.o (__do_copy_data)
/usr/lib/gcc/avr/4.5.0/avr4/libgcc.a(_clear_bss.o)
                              mega48.o (__do_clear_bss)
/usr/lib/gcc/avr/4.5.0/../../../../avr/lib/avr4/libc.a(itoa.o)
                              mega48.o (itoa)
/usr/lib/gcc/avr/4.5.0/../../../../avr/lib/avr4/libc.a(strrev.o)
                              /usr/lib/gcc/avr/4.5.0/../../../../avr/lib/avr4/libc.a(itoa.o) (strrev)

Allocating common symbols
Common symbol       size              file

twi_state           0x1               twi_master.o
twi_buf             0x2               twi_master.o
lcd_string_array    0x10              mega48.o
lm73_wr_buf         0x2               lm73_functions_skel.o
twi_bus_addr        0x1               twi_master.o
i                   0x1               mega48.o
twi_msg_size        0x1               twi_master.o
lm73_rd_buf         0x2               lm73_functions_skel.o

Memory Configuration

Name             Origin             Length             Attributes
text             0x00000000         0x00002000         xr
data             0x00800060         0x0000ffa0         rw !x
eeprom           0x00810000         0x00010000         rw !x
*default*        0x00000000         0xffffffff

Linker script and memory map

Address of section .data set to 0x800100
LOAD /usr/lib/gcc/avr/4.5.0/../../../../avr/lib/avr4/crtm48.o
LOAD mega48.o
LOAD lm73_functions_skel.o
LOAD twi_master.o
LOAD usart.o
LOAD /usr/lib/gcc/avr/4.5.0/avr4/libgcc.a
LOAD /usr/lib/gcc/avr/4.5.0/../../../../avr/lib/avr4/libc.a
LOAD /usr/lib/gcc/avr/4.5.0/avr4/libgcc.a

.hash
 *(.hash)

.dynsym
 *(.dynsym)

.dynstr
 *(.dynstr)

.gnu.version
 *(.gnu.version)

.gnu.version_d
 *(.gnu.version_d)

.gnu.version_r
 *(.gnu.version_r)

.rel.init
 *(.rel.init)

.rela.init
 *(.rela.init)

.rel.text
 *(.rel.text)
 *(.rel.text.*)
 *(.rel.gnu.linkonce.t*)

.rela.text
 *(.rela.text)
 *(.rela.text.*)
 *(.rela.gnu.linkonce.t*)

.rel.fini
 *(.rel.fini)

.rela.fini
 *(.rela.fini)

.rel.rodata
 *(.rel.rodata)
 *(.rel.rodata.*)
 *(.rel.gnu.linkonce.r*)

.rela.rodata
 *(.rela.rodata)
 *(.rela.rodata.*)
 *(.rela.gnu.linkonce.r*)

.rel.data
 *(.rel.data)
 *(.rel.data.*)
 *(.rel.gnu.linkonce.d*)

.rela.data
 *(.rela.data)
 *(.rela.data.*)
 *(.rela.gnu.linkonce.d*)

.rel.ctors
 *(.rel.ctors)

.rela.ctors
 *(.rela.ctors)

.rel.dtors
 *(.rel.dtors)

.rela.dtors
 *(.rela.dtors)

.rel.got
 *(.rel.got)

.rela.got
 *(.rela.got)

.rel.bss
 *(.rel.bss)

.rela.bss
 *(.rela.bss)

.rel.plt
 *(.rel.plt)

.rela.plt
 *(.rela.plt)

.text           0x00000000      0x43e
 *(.vectors)
 .vectors       0x00000000       0x34 /usr/lib/gcc/avr/4.5.0/../../../../avr/lib/avr4/crtm48.o
                0x00000000                __vectors
                0x00000000                __vector_default
 *(.vectors)
 *(.progmem.gcc*)
 .progmem.gcc_sw_table
                0x00000034       0xa2 twi_master.o
 *(.progmem*)
                0x000000d6                . = ALIGN (0x2)
                0x000000d6                __trampolines_start = .
 *(.trampolines)
 .trampolines   0x000000d6        0x0 linker stubs
 *(.trampolines*)
                0x000000d6                __trampolines_end = .
 *(.jumptables)
 *(.jumptables*)
 *(.lowtext)
 *(.lowtext*)
                0x000000d6                __ctors_start = .
 *(.ctors)
                0x000000d6                __ctors_end = .
                0x000000d6                __dtors_start = .
 *(.dtors)
                0x000000d6                __dtors_end = .
 SORT(*)(.ctors)
 SORT(*)(.dtors)
 *(.init0)
 .init0         0x000000d6        0x0 /usr/lib/gcc/avr/4.5.0/../../../../avr/lib/avr4/crtm48.o
                0x000000d6                __init
 *(.init0)
 *(.init1)
 *(.init1)
 *(.init2)
 .init2         0x000000d6        0xc /usr/lib/gcc/avr/4.5.0/../../../../avr/lib/avr4/crtm48.o
 *(.init2)
 *(.init3)
 *(.init3)
 *(.init4)
 .init4         0x000000e2       0x16 /usr/lib/gcc/avr/4.5.0/avr4/libgcc.a(_copy_data.o)
                0x000000e2                __do_copy_data
 .init4         0x000000f8       0x10 /usr/lib/gcc/avr/4.5.0/avr4/libgcc.a(_clear_bss.o)
                0x000000f8                __do_clear_bss
 *(.init4)
 *(.init5)
 *(.init5)
 *(.init6)
 *(.init6)
 *(.init7)
 *(.init7)
 *(.init8)
 *(.init8)
 *(.init9)
 .init9         0x00000108        0x4 /usr/lib/gcc/avr/4.5.0/../../../../avr/lib/avr4/crtm48.o
 *(.init9)
 *(.text)
 .text          0x0000010c        0x2 /usr/lib/gcc/avr/4.5.0/../../../../avr/lib/avr4/crtm48.o
                0x0000010c                __vector_22
                0x0000010c                __vector_1
                0x0000010c                __vector_12
                0x0000010c                __bad_interrupt
                0x0000010c                __vector_6
                0x0000010c                __vector_3
                0x0000010c                __vector_23
                0x0000010c                __vector_25
                0x0000010c                __vector_11
                0x0000010c                __vector_13
                0x0000010c                __vector_17
                0x0000010c                __vector_19
                0x0000010c                __vector_7
                0x0000010c                __vector_5
                0x0000010c                __vector_4
                0x0000010c                __vector_9
                0x0000010c                __vector_2
                0x0000010c                __vector_21
                0x0000010c                __vector_15
                0x0000010c                __vector_8
                0x0000010c                __vector_14
                0x0000010c                __vector_10
                0x0000010c                __vector_16
                0x0000010c                __vector_18
                0x0000010c                __vector_20
 .text          0x0000010e       0xb4 mega48.o
                0x0000010e                spi_init
                0x0000011e                main
 .text          0x000001c2       0x2c lm73_functions_skel.o
                0x000001c2                lm73_set_max_resolution
                0x000001da                lm73_set_ptr_to_read
                0x000001ea                lm73_temp_convert
 .text          0x000001ee      0x16e twi_master.o
                0x000001ee                __vector_24
                0x000002fe                twi_busy
                0x00000306                twi_start_wr
                0x00000328                twi_start_rd
                0x0000034a                init_twi
 .text          0x0000035c       0x58 usart.o
                0x0000035c                USART0_init
                0x00000372                USART_transmit
                0x00000380                USART_available
                0x00000388                USART_receive
                0x00000396                USART_send_string
 .text          0x000003b4        0x0 /usr/lib/gcc/avr/4.5.0/avr4/libgcc.a(_udivmodhi4.o)
 .text          0x000003b4        0x0 /usr/lib/gcc/avr/4.5.0/avr4/libgcc.a(_exit.o)
 .text          0x000003b4        0x0 /usr/lib/gcc/avr/4.5.0/avr4/libgcc.a(_copy_data.o)
 .text          0x000003b4        0x0 /usr/lib/gcc/avr/4.5.0/avr4/libgcc.a(_clear_bss.o)
 .text          0x000003b4        0x0 /usr/lib/gcc/avr/4.5.0/../../../../avr/lib/avr4/libc.a(itoa.o)
 .text          0x000003b4        0x0 /usr/lib/gcc/avr/4.5.0/../../../../avr/lib/avr4/libc.a(strrev.o)
                0x000003b4                . = ALIGN (0x2)
 *(.text.*)
 .text.libgcc   0x000003b4       0x28 /usr/lib/gcc/avr/4.5.0/avr4/libgcc.a(_udivmodhi4.o)
                0x000003b4                __udivmodhi4
 .text.libgcc   0x000003dc        0x0 /usr/lib/gcc/avr/4.5.0/avr4/libgcc.a(_exit.o)
 .text.libgcc   0x000003dc        0x0 /usr/lib/gcc/avr/4.5.0/avr4/libgcc.a(_copy_data.o)
 .text.libgcc   0x000003dc        0x0 /usr/lib/gcc/avr/4.5.0/avr4/libgcc.a(_clear_bss.o)
 .text.avr-libc
                0x000003dc       0x3e /usr/lib/gcc/avr/4.5.0/../../../../avr/lib/avr4/libc.a(itoa.o)
                0x000003dc                itoa
 .text.avr-libc
                0x0000041a       0x20 /usr/lib/gcc/avr/4.5.0/../../../../avr/lib/avr4/libc.a(strrev.o)
                0x0000041a                strrev
                0x0000043a                . = ALIGN (0x2)
 *(.fini9)
 .fini9         0x0000043a        0x0 /usr/lib/gcc/avr/4.5.0/avr4/libgcc.a(_exit.o)
                0x0000043a                exit
                0x0000043a                _exit
 *(.fini9)
 *(.fini8)
 *(.fini8)
 *(.fini7)
 *(.fini7)
 *(.fini6)
 *(.fini6)
 *(.fini5)
 *(.fini5)
 *(.fini4)
 *(.fini4)
 *(.fini3)
 *(.fini3)
 *(.fini2)
 *(.fini2)
 *(.fini1)
 *(.fini1)
 *(.fini0)
 .fini0         0x0000043a        0x4 /usr/lib/gcc/avr/4.5.0/avr4/libgcc.a(_exit.o)
 *(.fini0)
                0x0000043e                _etext = .

.data           0x00800100        0x0 load address 0x0000043e
                0x00800100                PROVIDE (__data_start, .)
 *(.data)
 .data          0x00800100        0x0 /usr/lib/gcc/avr/4.5.0/../../../../avr/lib/avr4/crtm48.o
 .data          0x00800100        0x0 mega48.o
 .data          0x00800100        0x0 lm73_functions_skel.o
 .data          0x00800100        0x0 twi_master.o
 .data          0x00800100        0x0 usart.o
 .data          0x00800100        0x0 /usr/lib/gcc/avr/4.5.0/avr4/libgcc.a(_udivmodhi4.o)
 .data          0x00800100        0x0 /usr/lib/gcc/avr/4.5.0/avr4/libgcc.a(_exit.o)
 .data          0x00800100        0x0 /usr/lib/gcc/avr/4.5.0/avr4/libgcc.a(_copy_data.o)
 .data          0x00800100        0x0 /usr/lib/gcc/avr/4.5.0/avr4/libgcc.a(_clear_bss.o)
 .data          0x00800100        0x0 /usr/lib/gcc/avr/4.5.0/../../../../avr/lib/avr4/libc.a(itoa.o)
 .data          0x00800100        0x0 /usr/lib/gcc/avr/4.5.0/../../../../avr/lib/avr4/libc.a(strrev.o)
 *(.data*)
 *(.rodata)
 *(.rodata*)
 *(.gnu.linkonce.d*)
                0x00800100                . = ALIGN (0x2)
                0x00800100                _edata = .
                0x00800100                PROVIDE (__data_end, .)

.bss            0x00800100       0x1b
                0x00800100                PROVIDE (__bss_start, .)
 *(.bss)
 .bss           0x00800100        0x0 /usr/lib/gcc/avr/4.5.0/../../../../avr/lib/avr4/crtm48.o
 .bss           0x00800100        0x0 mega48.o
 .bss           0x00800100        0x0 lm73_functions_skel.o
 .bss           0x00800100        0x1 twi_master.o
 .bss           0x00800101        0x0 usart.o
 .bss           0x00800101        0x0 /usr/lib/gcc/avr/4.5.0/avr4/libgcc.a(_udivmodhi4.o)
 .bss           0x00800101        0x0 /usr/lib/gcc/avr/4.5.0/avr4/libgcc.a(_exit.o)
 .bss           0x00800101        0x0 /usr/lib/gcc/avr/4.5.0/avr4/libgcc.a(_copy_data.o)
 .bss           0x00800101        0x0 /usr/lib/gcc/avr/4.5.0/avr4/libgcc.a(_clear_bss.o)
 .bss           0x00800101        0x0 /usr/lib/gcc/avr/4.5.0/../../../../avr/lib/avr4/libc.a(itoa.o)
 .bss           0x00800101        0x0 /usr/lib/gcc/avr/4.5.0/../../../../avr/lib/avr4/libc.a(strrev.o)
 *(.bss*)
 *(COMMON)
 COMMON         0x00800101       0x11 mega48.o
                0x00800101                lcd_string_array
                0x00800111                i
 COMMON         0x00800112        0x4 lm73_functions_skel.o
                0x00800112                lm73_wr_buf
                0x00800114                lm73_rd_buf
 COMMON         0x00800116        0x5 twi_master.o
                0x00800116                twi_state
                0x00800117                twi_buf
                0x00800119                twi_bus_addr
                0x0080011a                twi_msg_size
                0x0080011b                PROVIDE (__bss_end, .)
                0x0000043e                __data_load_start = LOADADDR (.data)
                0x0000043e                __data_load_end = (__data_load_start + SIZEOF (.data))

.noinit         0x0080011b        0x0
                0x0080011b                PROVIDE (__noinit_start, .)
 *(.noinit*)
                0x0080011b                PROVIDE (__noinit_end, .)
                0x0080011b                _end = .
                0x0080011b                PROVIDE (__heap_start, .)

.eeprom         0x00810000        0x0
 *(.eeprom*)
                0x00810000                __eeprom_end = .

.stab           0x00000000     0x19ec
 *(.stab)
 .stab          0x00000000      0x6cc /usr/lib/gcc/avr/4.5.0/../../../../avr/lib/avr4/crtm48.o
 .stab          0x000006cc      0x57c mega48.o
                                0x588 (size before relaxing)
 .stab          0x00000c48      0x294 lm73_functions_skel.o
                                0x45c (size before relaxing)
 .stab          0x00000edc      0x534 twi_master.o
                                0x72c (size before relaxing)
 .stab          0x00001410      0x354 usart.o
                                0x51c (size before relaxing)
 .stab          0x00001764      0x1b0 /usr/lib/gcc/avr/4.5.0/../../../../avr/lib/avr4/libc.a(itoa.o)
                                0x1bc (size before relaxing)
 .stab          0x00001914       0xd8 /usr/lib/gcc/avr/4.5.0/../../../../avr/lib/avr4/libc.a(strrev.o)
                                 0xe4 (size before relaxing)

.stabstr        0x00000000      0xd29
 *(.stabstr)
 .stabstr       0x00000000      0xd29 /usr/lib/gcc/avr/4.5.0/../../../../avr/lib/avr4/crtm48.o

.stab.excl
 *(.stab.excl)

.stab.exclstr
 *(.stab.exclstr)

.stab.index
 *(.stab.index)

.stab.indexstr
 *(.stab.indexstr)

.comment
 *(.comment)

.debug
 *(.debug)

.line
 *(.line)

.debug_srcinfo
 *(.debug_srcinfo)

.debug_sfnames
 *(.debug_sfnames)

.debug_aranges
 *(.debug_aranges)

.debug_pubnames
 *(.debug_pubnames)

.debug_info
 *(.debug_info)
 *(.gnu.linkonce.wi.*)

.debug_abbrev
 *(.debug_abbrev)

.debug_line
 *(.debug_line)

.debug_frame
 *(.debug_frame)

.debug_str
 *(.debug_str)

.debug_loc
 *(.debug_loc)

.debug_macinfo
 *(.debug_macinfo)
OUTPUT(mega48.elf elf32-avr)
LOAD linker stubs
