Archive member included because of file (symbol)

/usr/lib/gcc/avr/4.5.0/avr51/libgcc.a(_exit.o)
                              /usr/lib/gcc/avr/4.5.0/../../../../avr/lib/avr51/crtm128.o (exit)
/usr/lib/gcc/avr/4.5.0/avr51/libgcc.a(_copy_data.o)
                              thermo3_skel.o (__do_copy_data)
/usr/lib/gcc/avr/4.5.0/avr51/libgcc.a(_clear_bss.o)
                              thermo3_skel.o (__do_clear_bss)
/usr/lib/gcc/avr/4.5.0/../../../../avr/lib/avr51/libc.a(itoa.o)
                              thermo3_skel.o (itoa)
/usr/lib/gcc/avr/4.5.0/../../../../avr/lib/avr51/libc.a(strrev.o)
                              /usr/lib/gcc/avr/4.5.0/../../../../avr/lib/avr51/libc.a(itoa.o) (strrev)
/usr/lib/gcc/avr/4.5.0/avr51/libgcc.a(_udivmodhi4.o)
                              /usr/lib/gcc/avr/4.5.0/../../../../avr/lib/avr51/libc.a(itoa.o) (__udivmodhi4)

Allocating common symbols
Common symbol       size              file

twi_state           0x1               twi_master.o
twi_buf             0x2               twi_master.o
lcd_string_array    0x10              thermo3_skel.o
lm73_wr_buf         0x2               lm73_functions_skel.o
twi_bus_addr        0x1               twi_master.o
i                   0x1               thermo3_skel.o
lcd_str             0x10              lcd_functions.o
twi_msg_size        0x1               twi_master.o
lm73_rd_buf         0x2               lm73_functions_skel.o

Memory Configuration

Name             Origin             Length             Attributes
text             0x00000000         0x00020000         xr
data             0x00800100         0x0000ff00         rw !x
eeprom           0x00810000         0x00010000         rw !x
*default*        0x00000000         0xffffffff

Linker script and memory map

Address of section .data set to 0x800100
LOAD /usr/lib/gcc/avr/4.5.0/../../../../avr/lib/avr51/crtm128.o
LOAD thermo3_skel.o
LOAD lcd_functions.o
LOAD lm73_functions_skel.o
LOAD twi_master.o
LOAD /usr/lib/gcc/avr/4.5.0/avr51/libgcc.a
LOAD /usr/lib/gcc/avr/4.5.0/../../../../avr/lib/avr51/libc.a
LOAD /usr/lib/gcc/avr/4.5.0/avr51/libgcc.a

.hash
 *(.hash)

.dynsym
 *(.dynsym)

.dynstr
 *(.dynstr)

.gnu.version
 *(.gnu.version)

.gnu.version_d
 *(.gnu.version_d)

.gnu.version_r
 *(.gnu.version_r)

.rel.init
 *(.rel.init)

.rela.init
 *(.rela.init)

.rel.text
 *(.rel.text)
 *(.rel.text.*)
 *(.rel.gnu.linkonce.t*)

.rela.text
 *(.rela.text)
 *(.rela.text.*)
 *(.rela.gnu.linkonce.t*)

.rel.fini
 *(.rel.fini)

.rela.fini
 *(.rela.fini)

.rel.rodata
 *(.rel.rodata)
 *(.rel.rodata.*)
 *(.rel.gnu.linkonce.r*)

.rela.rodata
 *(.rela.rodata)
 *(.rela.rodata.*)
 *(.rela.gnu.linkonce.r*)

.rel.data
 *(.rel.data)
 *(.rel.data.*)
 *(.rel.gnu.linkonce.d*)

.rela.data
 *(.rela.data)
 *(.rela.data.*)
 *(.rela.gnu.linkonce.d*)

.rel.ctors
 *(.rel.ctors)

.rela.ctors
 *(.rela.ctors)

.rel.dtors
 *(.rel.dtors)

.rela.dtors
 *(.rela.dtors)

.rel.got
 *(.rel.got)

.rela.got
 *(.rela.got)

.rel.bss
 *(.rel.bss)

.rela.bss
 *(.rela.bss)

.rel.plt
 *(.rel.plt)

.rela.plt
 *(.rela.plt)

.text           0x00000000      0x610
 *(.vectors)
 .vectors       0x00000000       0x8c /usr/lib/gcc/avr/4.5.0/../../../../avr/lib/avr51/crtm128.o
                0x00000000                __vectors
                0x00000000                __vector_default
 *(.vectors)
 *(.progmem.gcc*)
 *(.progmem*)
                0x0000008c                . = ALIGN (0x2)
                0x0000008c                __trampolines_start = .
 *(.trampolines)
 .trampolines   0x0000008c        0x0 linker stubs
 *(.trampolines*)
                0x0000008c                __trampolines_end = .
 *(.jumptables)
 *(.jumptables*)
 *(.lowtext)
 *(.lowtext*)
                0x0000008c                __ctors_start = .
 *(.ctors)
                0x0000008c                __ctors_end = .
                0x0000008c                __dtors_start = .
 *(.dtors)
                0x0000008c                __dtors_end = .
 SORT(*)(.ctors)
 SORT(*)(.dtors)
 *(.init0)
 .init0         0x0000008c        0x0 /usr/lib/gcc/avr/4.5.0/../../../../avr/lib/avr51/crtm128.o
                0x0000008c                __init
 *(.init0)
 *(.init1)
 *(.init1)
 *(.init2)
 .init2         0x0000008c        0xc /usr/lib/gcc/avr/4.5.0/../../../../avr/lib/avr51/crtm128.o
 *(.init2)
 *(.init3)
 *(.init3)
 *(.init4)
 .init4         0x00000098       0x1a /usr/lib/gcc/avr/4.5.0/avr51/libgcc.a(_copy_data.o)
                0x00000098                __do_copy_data
 .init4         0x000000b2       0x10 /usr/lib/gcc/avr/4.5.0/avr51/libgcc.a(_clear_bss.o)
                0x000000b2                __do_clear_bss
 *(.init4)
 *(.init5)
 *(.init5)
 *(.init6)
 *(.init6)
 *(.init7)
 *(.init7)
 *(.init8)
 *(.init8)
 *(.init9)
 .init9         0x000000c2        0x8 /usr/lib/gcc/avr/4.5.0/../../../../avr/lib/avr51/crtm128.o
 *(.init9)
 *(.text)
 .text          0x000000ca        0x4 /usr/lib/gcc/avr/4.5.0/../../../../avr/lib/avr51/crtm128.o
                0x000000ca                __vector_22
                0x000000ca                __vector_28
                0x000000ca                __vector_1
                0x000000ca                __vector_32
                0x000000ca                __vector_34
                0x000000ca                __vector_24
                0x000000ca                __vector_12
                0x000000ca                __bad_interrupt
                0x000000ca                __vector_6
                0x000000ca                __vector_31
                0x000000ca                __vector_3
                0x000000ca                __vector_23
                0x000000ca                __vector_30
                0x000000ca                __vector_25
                0x000000ca                __vector_11
                0x000000ca                __vector_13
                0x000000ca                __vector_17
                0x000000ca                __vector_19
                0x000000ca                __vector_7
                0x000000ca                __vector_27
                0x000000ca                __vector_5
                0x000000ca                __vector_4
                0x000000ca                __vector_9
                0x000000ca                __vector_2
                0x000000ca                __vector_21
                0x000000ca                __vector_15
                0x000000ca                __vector_29
                0x000000ca                __vector_8
                0x000000ca                __vector_26
                0x000000ca                __vector_14
                0x000000ca                __vector_10
                0x000000ca                __vector_16
                0x000000ca                __vector_18
                0x000000ca                __vector_20
 .text          0x000000ce       0x9e thermo3_skel.o
                0x000000ce                spi_init
                0x000000de                main
 .text          0x0000016c      0x28c lcd_functions.o
                0x0000016c                strobe_lcd
                0x0000017e                clear_display
                0x000001aa                cursor_home
                0x000001ce                home_line2
                0x000001f2                fill_spaces
                0x0000022a                char2lcd
                0x00000256                cursor_off
                0x00000282                string2lcd
                0x000002de                lcd_init
 .text          0x000003f8        0x2 lm73_functions_skel.o
                0x000003f8                lm73_temp_convert
 .text          0x000003fa      0x188 twi_master.o
                0x000003fa                __vector_33
                0x00000524                twi_busy
                0x0000052c                twi_start_wr
                0x0000054e                twi_start_rd
                0x00000570                init_twi
 .text          0x00000582        0x0 /usr/lib/gcc/avr/4.5.0/avr51/libgcc.a(_exit.o)
 .text          0x00000582        0x0 /usr/lib/gcc/avr/4.5.0/avr51/libgcc.a(_copy_data.o)
 .text          0x00000582        0x0 /usr/lib/gcc/avr/4.5.0/avr51/libgcc.a(_clear_bss.o)
 .text          0x00000582        0x0 /usr/lib/gcc/avr/4.5.0/../../../../avr/lib/avr51/libc.a(itoa.o)
 .text          0x00000582        0x0 /usr/lib/gcc/avr/4.5.0/../../../../avr/lib/avr51/libc.a(strrev.o)
 .text          0x00000582        0x0 /usr/lib/gcc/avr/4.5.0/avr51/libgcc.a(_udivmodhi4.o)
                0x00000582                . = ALIGN (0x2)
 *(.text.*)
 .text.libgcc   0x00000582        0x0 /usr/lib/gcc/avr/4.5.0/avr51/libgcc.a(_exit.o)
 .text.libgcc   0x00000582        0x0 /usr/lib/gcc/avr/4.5.0/avr51/libgcc.a(_copy_data.o)
 .text.libgcc   0x00000582        0x0 /usr/lib/gcc/avr/4.5.0/avr51/libgcc.a(_clear_bss.o)
 .text.avr-libc
                0x00000582       0x42 /usr/lib/gcc/avr/4.5.0/../../../../avr/lib/avr51/libc.a(itoa.o)
                0x00000582                itoa
 .text.avr-libc
                0x000005c4       0x20 /usr/lib/gcc/avr/4.5.0/../../../../avr/lib/avr51/libc.a(strrev.o)
                0x000005c4                strrev
 .text.libgcc   0x000005e4       0x28 /usr/lib/gcc/avr/4.5.0/avr51/libgcc.a(_udivmodhi4.o)
                0x000005e4                __udivmodhi4
                0x0000060c                . = ALIGN (0x2)
 *(.fini9)
 .fini9         0x0000060c        0x0 /usr/lib/gcc/avr/4.5.0/avr51/libgcc.a(_exit.o)
                0x0000060c                exit
                0x0000060c                _exit
 *(.fini9)
 *(.fini8)
 *(.fini8)
 *(.fini7)
 *(.fini7)
 *(.fini6)
 *(.fini6)
 *(.fini5)
 *(.fini5)
 *(.fini4)
 *(.fini4)
 *(.fini3)
 *(.fini3)
 *(.fini2)
 *(.fini2)
 *(.fini1)
 *(.fini1)
 *(.fini0)
 .fini0         0x0000060c        0x4 /usr/lib/gcc/avr/4.5.0/avr51/libgcc.a(_exit.o)
 *(.fini0)
                0x00000610                _etext = .

.data           0x00800100        0x0 load address 0x00000610
                0x00800100                PROVIDE (__data_start, .)
 *(.data)
 .data          0x00800100        0x0 /usr/lib/gcc/avr/4.5.0/../../../../avr/lib/avr51/crtm128.o
 .data          0x00800100        0x0 thermo3_skel.o
 .data          0x00800100        0x0 lcd_functions.o
 .data          0x00800100        0x0 lm73_functions_skel.o
 .data          0x00800100        0x0 twi_master.o
 .data          0x00800100        0x0 /usr/lib/gcc/avr/4.5.0/avr51/libgcc.a(_exit.o)
 .data          0x00800100        0x0 /usr/lib/gcc/avr/4.5.0/avr51/libgcc.a(_copy_data.o)
 .data          0x00800100        0x0 /usr/lib/gcc/avr/4.5.0/avr51/libgcc.a(_clear_bss.o)
 .data          0x00800100        0x0 /usr/lib/gcc/avr/4.5.0/../../../../avr/lib/avr51/libc.a(itoa.o)
 .data          0x00800100        0x0 /usr/lib/gcc/avr/4.5.0/../../../../avr/lib/avr51/libc.a(strrev.o)
 .data          0x00800100        0x0 /usr/lib/gcc/avr/4.5.0/avr51/libgcc.a(_udivmodhi4.o)
 *(.data*)
 *(.rodata)
 *(.rodata*)
 *(.gnu.linkonce.d*)
                0x00800100                . = ALIGN (0x2)
                0x00800100                _edata = .
                0x00800100                PROVIDE (__data_end, .)

.bss            0x00800100       0x2b
                0x00800100                PROVIDE (__bss_start, .)
 *(.bss)
 .bss           0x00800100        0x0 /usr/lib/gcc/avr/4.5.0/../../../../avr/lib/avr51/crtm128.o
 .bss           0x00800100        0x0 thermo3_skel.o
 .bss           0x00800100        0x0 lcd_functions.o
 .bss           0x00800100        0x0 lm73_functions_skel.o
 .bss           0x00800100        0x1 twi_master.o
 .bss           0x00800101        0x0 /usr/lib/gcc/avr/4.5.0/avr51/libgcc.a(_exit.o)
 .bss           0x00800101        0x0 /usr/lib/gcc/avr/4.5.0/avr51/libgcc.a(_copy_data.o)
 .bss           0x00800101        0x0 /usr/lib/gcc/avr/4.5.0/avr51/libgcc.a(_clear_bss.o)
 .bss           0x00800101        0x0 /usr/lib/gcc/avr/4.5.0/../../../../avr/lib/avr51/libc.a(itoa.o)
 .bss           0x00800101        0x0 /usr/lib/gcc/avr/4.5.0/../../../../avr/lib/avr51/libc.a(strrev.o)
 .bss           0x00800101        0x0 /usr/lib/gcc/avr/4.5.0/avr51/libgcc.a(_udivmodhi4.o)
 *(.bss*)
 *(COMMON)
 COMMON         0x00800101       0x11 thermo3_skel.o
                0x00800101                lcd_string_array
                0x00800111                i
 COMMON         0x00800112       0x10 lcd_functions.o
                0x00800112                lcd_str
 COMMON         0x00800122        0x4 lm73_functions_skel.o
                0x00800122                lm73_wr_buf
                0x00800124                lm73_rd_buf
 COMMON         0x00800126        0x5 twi_master.o
                0x00800126                twi_state
                0x00800127                twi_buf
                0x00800129                twi_bus_addr
                0x0080012a                twi_msg_size
                0x0080012b                PROVIDE (__bss_end, .)
                0x00000610                __data_load_start = LOADADDR (.data)
                0x00000610                __data_load_end = (__data_load_start + SIZEOF (.data))

.noinit         0x0080012b        0x0
                0x0080012b                PROVIDE (__noinit_start, .)
 *(.noinit*)
                0x0080012b                PROVIDE (__noinit_end, .)
                0x0080012b                _end = .
                0x0080012b                PROVIDE (__heap_start, .)

.eeprom         0x00810000        0x0
 *(.eeprom*)
                0x00810000                __eeprom_end = .

.stab           0x00000000     0x2070
 *(.stab)
 .stab          0x00000000      0x6cc /usr/lib/gcc/avr/4.5.0/../../../../avr/lib/avr51/crtm128.o
 .stab          0x000006cc      0x594 thermo3_skel.o
                                0x5a0 (size before relaxing)
 .stab          0x00000c60      0xa80 lcd_functions.o
                                0xcb4 (size before relaxing)
 .stab          0x000016e0      0x1c8 lm73_functions_skel.o
                                0x390 (size before relaxing)
 .stab          0x000018a8      0x540 twi_master.o
                                0x738 (size before relaxing)
 .stab          0x00001de8      0x1b0 /usr/lib/gcc/avr/4.5.0/../../../../avr/lib/avr51/libc.a(itoa.o)
                                0x1bc (size before relaxing)
 .stab          0x00001f98       0xd8 /usr/lib/gcc/avr/4.5.0/../../../../avr/lib/avr51/libc.a(strrev.o)
                                 0xe4 (size before relaxing)

.stabstr        0x00000000      0xd91
 *(.stabstr)
 .stabstr       0x00000000      0xd91 /usr/lib/gcc/avr/4.5.0/../../../../avr/lib/avr51/crtm128.o

.stab.excl
 *(.stab.excl)

.stab.exclstr
 *(.stab.exclstr)

.stab.index
 *(.stab.index)

.stab.indexstr
 *(.stab.indexstr)

.comment
 *(.comment)

.debug
 *(.debug)

.line
 *(.line)

.debug_srcinfo
 *(.debug_srcinfo)

.debug_sfnames
 *(.debug_sfnames)

.debug_aranges
 *(.debug_aranges)

.debug_pubnames
 *(.debug_pubnames)

.debug_info
 *(.debug_info)
 *(.gnu.linkonce.wi.*)

.debug_abbrev
 *(.debug_abbrev)

.debug_line
 *(.debug_line)

.debug_frame
 *(.debug_frame)

.debug_str
 *(.debug_str)

.debug_loc
 *(.debug_loc)

.debug_macinfo
 *(.debug_macinfo)
OUTPUT(thermo3_skel.elf elf32-avr)
LOAD linker stubs
