
tcnt0_volatile_skel.elf:     file format elf32-avr

Sections:
Idx Name          Size      VMA       LMA       File off  Algn
  0 .text         0000012c  00000000  00000000  00000074  2**1
                  CONTENTS, ALLOC, LOAD, READONLY, CODE
  1 .bss          00000001  00800100  00800100  000001a0  2**0
                  ALLOC
  2 .stab         00000b10  00000000  00000000  000001a0  2**2
                  CONTENTS, READONLY, DEBUGGING
  3 .stabstr      000007f2  00000000  00000000  00000cb0  2**0
                  CONTENTS, READONLY, DEBUGGING

Disassembly of section .text:

00000000 <__vectors>:
   0:	0c 94 46 00 	jmp	0x8c	; 0x8c <__ctors_end>
   4:	0c 94 65 00 	jmp	0xca	; 0xca <__bad_interrupt>
   8:	0c 94 65 00 	jmp	0xca	; 0xca <__bad_interrupt>
   c:	0c 94 65 00 	jmp	0xca	; 0xca <__bad_interrupt>
  10:	0c 94 65 00 	jmp	0xca	; 0xca <__bad_interrupt>
  14:	0c 94 65 00 	jmp	0xca	; 0xca <__bad_interrupt>
  18:	0c 94 65 00 	jmp	0xca	; 0xca <__bad_interrupt>
  1c:	0c 94 65 00 	jmp	0xca	; 0xca <__bad_interrupt>
  20:	0c 94 65 00 	jmp	0xca	; 0xca <__bad_interrupt>
  24:	0c 94 65 00 	jmp	0xca	; 0xca <__bad_interrupt>
  28:	0c 94 65 00 	jmp	0xca	; 0xca <__bad_interrupt>
  2c:	0c 94 65 00 	jmp	0xca	; 0xca <__bad_interrupt>
  30:	0c 94 65 00 	jmp	0xca	; 0xca <__bad_interrupt>
  34:	0c 94 65 00 	jmp	0xca	; 0xca <__bad_interrupt>
  38:	0c 94 65 00 	jmp	0xca	; 0xca <__bad_interrupt>
  3c:	0c 94 67 00 	jmp	0xce	; 0xce <__vector_15>
  40:	0c 94 65 00 	jmp	0xca	; 0xca <__bad_interrupt>
  44:	0c 94 65 00 	jmp	0xca	; 0xca <__bad_interrupt>
  48:	0c 94 65 00 	jmp	0xca	; 0xca <__bad_interrupt>
  4c:	0c 94 65 00 	jmp	0xca	; 0xca <__bad_interrupt>
  50:	0c 94 65 00 	jmp	0xca	; 0xca <__bad_interrupt>
  54:	0c 94 65 00 	jmp	0xca	; 0xca <__bad_interrupt>
  58:	0c 94 65 00 	jmp	0xca	; 0xca <__bad_interrupt>
  5c:	0c 94 65 00 	jmp	0xca	; 0xca <__bad_interrupt>
  60:	0c 94 65 00 	jmp	0xca	; 0xca <__bad_interrupt>
  64:	0c 94 65 00 	jmp	0xca	; 0xca <__bad_interrupt>
  68:	0c 94 65 00 	jmp	0xca	; 0xca <__bad_interrupt>
  6c:	0c 94 65 00 	jmp	0xca	; 0xca <__bad_interrupt>
  70:	0c 94 65 00 	jmp	0xca	; 0xca <__bad_interrupt>
  74:	0c 94 65 00 	jmp	0xca	; 0xca <__bad_interrupt>
  78:	0c 94 65 00 	jmp	0xca	; 0xca <__bad_interrupt>
  7c:	0c 94 65 00 	jmp	0xca	; 0xca <__bad_interrupt>
  80:	0c 94 65 00 	jmp	0xca	; 0xca <__bad_interrupt>
  84:	0c 94 65 00 	jmp	0xca	; 0xca <__bad_interrupt>
  88:	0c 94 65 00 	jmp	0xca	; 0xca <__bad_interrupt>

0000008c <__ctors_end>:
  8c:	11 24       	eor	r1, r1
  8e:	1f be       	out	0x3f, r1	; 63
  90:	cf ef       	ldi	r28, 0xFF	; 255
  92:	d0 e1       	ldi	r29, 0x10	; 16
  94:	de bf       	out	0x3e, r29	; 62
  96:	cd bf       	out	0x3d, r28	; 61

00000098 <__do_copy_data>:
  98:	11 e0       	ldi	r17, 0x01	; 1
  9a:	a0 e0       	ldi	r26, 0x00	; 0
  9c:	b1 e0       	ldi	r27, 0x01	; 1
  9e:	ec e2       	ldi	r30, 0x2C	; 44
  a0:	f1 e0       	ldi	r31, 0x01	; 1
  a2:	00 e0       	ldi	r16, 0x00	; 0
  a4:	0b bf       	out	0x3b, r16	; 59
  a6:	02 c0       	rjmp	.+4      	; 0xac <__do_copy_data+0x14>
  a8:	07 90       	elpm	r0, Z+
  aa:	0d 92       	st	X+, r0
  ac:	a0 30       	cpi	r26, 0x00	; 0
  ae:	b1 07       	cpc	r27, r17
  b0:	d9 f7       	brne	.-10     	; 0xa8 <__do_copy_data+0x10>

000000b2 <__do_clear_bss>:
  b2:	11 e0       	ldi	r17, 0x01	; 1
  b4:	a0 e0       	ldi	r26, 0x00	; 0
  b6:	b1 e0       	ldi	r27, 0x01	; 1
  b8:	01 c0       	rjmp	.+2      	; 0xbc <.do_clear_bss_start>

000000ba <.do_clear_bss_loop>:
  ba:	1d 92       	st	X+, r1

000000bc <.do_clear_bss_start>:
  bc:	a1 30       	cpi	r26, 0x01	; 1
  be:	b1 07       	cpc	r27, r17
  c0:	e1 f7       	brne	.-8      	; 0xba <.do_clear_bss_loop>
  c2:	0e 94 85 00 	call	0x10a	; 0x10a <main>
  c6:	0c 94 94 00 	jmp	0x128	; 0x128 <_exit>

000000ca <__bad_interrupt>:
  ca:	0c 94 00 00 	jmp	0	; 0x0 <__vectors>

000000ce <__vector_15>:

//***********************************************************************
//                     ISR for timer counter zero
//***********************************************************************

ISR(TIMER0_COMP_vect){
  ce:	1f 92       	push	r1
  d0:	0f 92       	push	r0
  d2:	0f b6       	in	r0, 0x3f	; 63
  d4:	0f 92       	push	r0
  d6:	11 24       	eor	r1, r1
  d8:	8f 93       	push	r24
	ext_count++;
  da:	80 91 00 01 	lds	r24, 0x0100
  de:	8f 5f       	subi	r24, 0xFF	; 255
  e0:	80 93 00 01 	sts	0x0100, r24
}
  e4:	8f 91       	pop	r24
  e6:	0f 90       	pop	r0
  e8:	0f be       	out	0x3f, r0	; 63
  ea:	0f 90       	pop	r0
  ec:	1f 90       	pop	r1
  ee:	18 95       	reti

000000f0 <init_tcnt0>:
//                           init_tcnt0
//***********************************************************************
//initalize timer/counter zero to CTC mode

void init_tcnt0(){
  ASSR  |=  (1<<AS0);                //run off external 32khz osc (TOSC)
  f0:	80 b7       	in	r24, 0x30	; 48
  f2:	88 60       	ori	r24, 0x08	; 8
  f4:	80 bf       	out	0x30, r24	; 48
  TIMSK |= (1<<OCIE0);               //enable interrupts for output compare match 0
  f6:	87 b7       	in	r24, 0x37	; 55
  f8:	82 60       	ori	r24, 0x02	; 2
  fa:	87 bf       	out	0x37, r24	; 55
  TCCR0 |=  (1<<WGM01) | (1<<CS00);  //CTC mode, no prescale
  fc:	83 b7       	in	r24, 0x33	; 51
  fe:	89 60       	ori	r24, 0x09	; 9
 100:	83 bf       	out	0x33, r24	; 51
  OCR0  |=  0x07f;                   //compare at 128
 102:	81 b7       	in	r24, 0x31	; 49
 104:	8f 67       	ori	r24, 0x7F	; 127
 106:	81 bf       	out	0x31, r24	; 49
}
 108:	08 95       	ret

0000010a <main>:
//***********************************************************************
//                              main
//***********************************************************************
int main() {

  DDRB = 0xFF;                //set all port B pins to output
 10a:	8f ef       	ldi	r24, 0xFF	; 255
 10c:	87 bb       	out	0x17, r24	; 23
  init_tcnt0();               //initalize timer counter zero
 10e:	0e 94 78 00 	call	0xf0	; 0xf0 <init_tcnt0>
  sei();		      //enable global interrupts
 112:	78 94       	sei
  while(1){
    if(ext_count == 255){     //blink light at 1sec intervals
 114:	80 91 00 01 	lds	r24, 0x0100
 118:	8f 3f       	cpi	r24, 0xFF	; 255
 11a:	e1 f7       	brne	.-8      	; 0x114 <main+0xa>
      PORTB++;                //increment count pattern
 11c:	88 b3       	in	r24, 0x18	; 24
 11e:	8f 5f       	subi	r24, 0xFF	; 255
 120:	88 bb       	out	0x18, r24	; 24
      ext_count=0;            //reset the count 
 122:	10 92 00 01 	sts	0x0100, r1
 126:	f6 cf       	rjmp	.-20     	; 0x114 <main+0xa>

00000128 <_exit>:
 128:	f8 94       	cli

0000012a <__stop_program>:
 12a:	ff cf       	rjmp	.-2      	; 0x12a <__stop_program>
